// Jest Snapshot v1, https://goo.gl/fbAQLP

exports[`App renders correctly 1`] = `ShallowWrapper {}`;

exports[`App should match a snapshot 1`] = `ShallowWrapper {}`;

exports[`renders correctly 1`] = `ShallowWrapper {}`;
