// Jest Snapshot v1, https://goo.gl/fbAQLP

exports[`Converter renders correctly 1`] = `ShallowWrapper {}`;

exports[`Converter should match a snapshot 1`] = `ShallowWrapper {}`;

exports[`renders correctly 1`] = `ShallowWrapper {}`;
