// Jest Snapshot v1, https://goo.gl/fbAQLP

exports[`Navigation should match a snapshot 1`] = `ShallowWrapper {}`;
